#-----------------------------------------------------------
# Vivado v2023.2.2 (64-bit)
# SW Build 4126759 on Thu Feb  8 23:52:05 MST 2024
# IP Build 4126054 on Fri Feb  9 11:39:09 MST 2024
# SharedData Build 4115275 on Tue Jan 30 00:40:57 MST 2024
# Start of session at: Wed Mar 12 22:26:14 2025
# Process ID: 49091
# Current directory: /media/ryanfeng/HardDisk/Study/Git_Repos/UVM_knowledge/Vivado/async_fifo/async_fifo.runs/synth_1
# Command line: vivado -log async_fifo.vds -product Vivado -mode batch -messageDb vivado.pb -notrace -source async_fifo.tcl
# Log file: /media/ryanfeng/HardDisk/Study/Git_Repos/UVM_knowledge/Vivado/async_fifo/async_fifo.runs/synth_1/async_fifo.vds
# Journal file: /media/ryanfeng/HardDisk/Study/Git_Repos/UVM_knowledge/Vivado/async_fifo/async_fifo.runs/synth_1/vivado.jou
# Running On: ryanfeng-System-Product-Name, OS: Linux, CPU Frequency: 5700.000 MHz, CPU Physical cores: 24, Host memory: 67114 MB
#-----------------------------------------------------------
source async_fifo.tcl -notrace
