#-----------------------------------------------------------
# Vivado v2023.2 (64-bit)
# SW Build 4029153 on Fri Oct 13 20:13:54 MDT 2023
# IP Build 4028589 on Sat Oct 14 00:45:43 MDT 2023
# SharedData Build 4025554 on Tue Oct 10 17:18:54 MDT 2023
# Start of session at: Fri Nov 29 21:32:02 2024
# Process ID: 41172
# Current directory: /media/ryanfeng/HardDisk/Study/Git_Repos/UVM_knowledge/4bit_adder/4bit_adder.runs/impl_1
# Command line: vivado -log four_bit_adder.vdi -applog -product Vivado -messageDb vivado.pb -mode batch -source four_bit_adder.tcl -notrace
# Log file: /media/ryanfeng/HardDisk/Study/Git_Repos/UVM_knowledge/4bit_adder/4bit_adder.runs/impl_1/four_bit_adder.vdi
# Journal file: /media/ryanfeng/HardDisk/Study/Git_Repos/UVM_knowledge/4bit_adder/4bit_adder.runs/impl_1/vivado.jou
# Running On: ryanfeng-System-Product-Name, OS: Linux, CPU Frequency: 4106.775 MHz, CPU Physical cores: 24, Host memory: 67114 MB
#-----------------------------------------------------------
source four_bit_adder.tcl -notrace
